.next/dev/types/validator.ts(297,31): error TS2344: Type 'typeof import("F:/cinema/src/app/api/bookings/[bookingId]/cancel/route")' does not satisfy the constraint 'RouteHandlerConfig<"/api/bookings/[bookingId]/cancel">'.
  Types of property 'POST' are incompatible.
    Type '(req: Request, { params }: { params: { bookingId: string; }; }) => Promise<NextResponse<{ error: string; }> | NextResponse<{ success: boolean; message: string; }>>' is not assignable to type '(request: NextRequest, context: { params: Promise<{ bookingId: string; }>; }) => void | Response | Promise<void | Response>'.
      Types of parameters '__1' and 'context' are incompatible.
        Type '{ params: Promise<{ bookingId: string; }>; }' is not assignable to type '{ params: { bookingId: string; }; }'.
          Types of property 'params' are incompatible.
            Property 'bookingId' is missing in type 'Promise<{ bookingId: string; }>' but required in type '{ bookingId: string; }'.
.next/types/validator.ts(297,31): error TS2344: Type 'typeof import("F:/cinema/src/app/api/bookings/[bookingId]/cancel/route")' does not satisfy the constraint 'RouteHandlerConfig<"/api/bookings/[bookingId]/cancel">'.
  Types of property 'POST' are incompatible.
    Type '(req: Request, { params }: { params: { bookingId: string; }; }) => Promise<NextResponse<{ error: string; }> | NextResponse<{ success: boolean; message: string; }>>' is not assignable to type '(request: NextRequest, context: { params: Promise<{ bookingId: string; }>; }) => void | Response | Promise<void | Response>'.
      Types of parameters '__1' and 'context' are incompatible.
        Type '{ params: Promise<{ bookingId: string; }>; }' is not assignable to type '{ params: { bookingId: string; }; }'.
          Types of property 'params' are incompatible.
            Property 'bookingId' is missing in type 'Promise<{ bookingId: string; }>' but required in type '{ bookingId: string; }'.
